// Jest Snapshot v1, https://goo.gl/fbAQLP

exports[`OfficeCard matches snapshot 1`] = `
<DocumentFragment>
  <li
    class="flex flex-col p-6 bg-white rounded-lg shadow-lg hover:shadow-2xl transition-shadow"
    data-testid="office-card"
  >
    <div
      class="flex flex-col space-y-3"
    >
      <div>
        <h3
          class="text-xl font-semibold"
        >
          Address: 123 Main St
        </h3>
      </div>
      <div
        class="flex flex-col space-y-1"
      >
        <p
          class="text-lg"
        >
          Phone: +1234567890
        </p>
        <p
          class="text-lg"
        >
          Is active: Yes
        </p>
      </div>
      <div
        class="flex justify-between mt-4"
      >
        <a
          data-discover="true"
          href="/offices/edit/1"
        >
          <button
            class="px-4 py-2 bg-blue-500 text-white rounded disabled:bg-blue-900 disabled:text-gray-400 disabled:hover:cursor-not-allowed hover:bg-blue-600 focus:outline-none cursor-pointer undefined"
            data-testid="edit-button"
          >
            Edit
          </button>
        </a>
        <button
          class="px-4 py-2 bg-blue-500 text-white rounded disabled:bg-blue-900 disabled:text-gray-400 disabled:hover:cursor-not-allowed hover:bg-blue-600 focus:outline-none cursor-pointer bg-red-600 hover:bg-red-700 disabled:bg-red-800 disabled:text-gray-100"
          data-testid="deactivate-button"
        >
          Deactivate
        </button>
      </div>
    </div>
  </li>
</DocumentFragment>
`;
