// Jest Snapshot v1, https://goo.gl/fbAQLP

exports[`CreateOfficeForm matches snapshot 1`] = `
<DocumentFragment>
  <div
    class="w-full flex justify-center"
    data-testid="create-office-form"
  >
    <form
      action="#"
      class="flex w-[40%] flex-col gap-6 p-6 bg-white shadow-lg rounded-lg max-w-lg m-6"
    >
      <div
        class="form-group flex flex-col gap-y-2"
      >
        <label
          class="text-gray-700 font-medium"
          for="input-field"
        >
          Address
        </label>
        <input
          class="form-control mt-1 p-2 border border-gray-300 rounded-md focus:outline-none focus:ring-2 focus:ring-blue-500"
          data-testid="create-office-form-address-input"
          id="address-input-for-create-office-form"
          name="address"
          type="text"
          value=""
        />
      </div>
      <div
        class="form-group flex flex-col gap-y-2"
      >
        <label
          class="text-gray-700 font-medium"
          for="input-field"
        >
          Registry Phone Number
        </label>
        <input
          class="form-control mt-1 p-2 border border-gray-300 rounded-md focus:outline-none focus:ring-2 focus:ring-blue-500"
          data-testid="create-office-form-phone-number-input"
          id="registry-phone-number-input-for-create-office-form"
          name="registryPhoneNumber"
          type="text"
          value=""
        />
      </div>
      <div
        class="form-group flex flex-col gap-y-2"
      >
        <label
          class="flex items-center gap-2"
        >
          <input
            checked=""
            class="form-checkbox h-5 w-5 text-blue-600 border-gray-300 rounded focus:ring-blue-500"
            data-testid="create-office-form-is-active-checkbox"
            id="is-active-checkbox-input-for-create-office-form"
            name="isActive"
            type="checkbox"
          />
          <span
            class="text-gray-700 font-medium"
          >
            Is active
          </span>
        </label>
      </div>
      <div
        class="flex flex-row space-x-4"
      >
        <button
          class="px-4 py-2 bg-blue-500 text-white rounded disabled:bg-blue-900 disabled:text-gray-400 disabled:hover:cursor-not-allowed hover:bg-blue-600 focus:outline-none cursor-pointer w-full bg-blue-600 text-white hover:bg-blue-700"
          data-testid="submit-button"
          type="submit"
        >
          Submit
        </button>
        <button
          class="px-4 py-2 bg-blue-500 text-white rounded disabled:bg-blue-900 disabled:text-gray-400 disabled:hover:cursor-not-allowed hover:bg-blue-600 focus:outline-none cursor-pointer w-full bg-gray-600 text-white hover:bg-gray-700"
          data-testid="cancel-button"
          type="button"
        >
          Cancel
        </button>
      </div>
    </form>
  </div>
</DocumentFragment>
`;
